[mydesignhoard.com/HTML/html/education/index.html]
[backblue.gif]
[fade.gif]
[index.html]
[mydesignhoard.com/HTML/html/education/apple-touch-icon.png]
[mydesignhoard.com/HTML/html/education/css/bootstrap.min.css]
[mydesignhoard.com/HTML/html/education/css/normalize.css]
[mydesignhoard.com/HTML/html/education/css/font-awesome.min.css]
[mydesignhoard.com/HTML/html/education/css/icomoon.css]
[mydesignhoard.com/HTML/html/education/css/animate.css]
[mydesignhoard.com/HTML/html/education/css/prettyPhoto.css]
[mydesignhoard.com/HTML/html/education/css/owl.carousel.css]
[mydesignhoard.com/HTML/html/education/css/owl.theme.default.css]
[mydesignhoard.com/HTML/html/education/css/transitions.css]
[mydesignhoard.com/HTML/html/education/css/main.css]
[mydesignhoard.com/HTML/html/education/css/color.css]
[mydesignhoard.com/HTML/html/education/css/responsive.css]
[mydesignhoard.com/HTML/html/education/js/vendor/modernizr-2.8.3-respond-1.4.2.min.js]
[mydesignhoard.com/HTML/html/education/images/flags/img-01.jpg]
[mydesignhoard.com/HTML/html/education/images/flags/img-02.jpg]
[mydesignhoard.com/HTML/html/education/images/flags/img-03.jpg]
[mydesignhoard.com/HTML/html/education/images/flags/img-04.jpg]
[mydesignhoard.com/HTML/html/education/index-2.html]
[mydesignhoard.com/HTML/html/education/images/logo.png]
[mydesignhoard.com/HTML/html/education/images/img-01.jpg]
[mydesignhoard.com/HTML/html/education/index2.html]
[mydesignhoard.com/HTML/html/education/index3.html]
[mydesignhoard.com/HTML/html/education/index4.html]
[mydesignhoard.com/HTML/html/education/courseslist.html]
[mydesignhoard.com/HTML/html/education/coursesgrid.html]
[mydesignhoard.com/HTML/html/education/coursedetail.html]
[mydesignhoard.com/HTML/html/education/faculties.html]
[mydesignhoard.com/HTML/html/education/facultydetail.html]
[mydesignhoard.com/HTML/html/education/images/img-02.jpg]
[mydesignhoard.com/HTML/html/education/images/themepost/img-01.jpg]
[mydesignhoard.com/HTML/html/education/eventslist.html]
[mydesignhoard.com/HTML/html/education/images/themepost/img-02.jpg]
[mydesignhoard.com/HTML/html/education/images/themepost/img-03.jpg]
[mydesignhoard.com/HTML/html/education/eventsgrid.html]
[mydesignhoard.com/HTML/html/education/eventdetail.html]
[mydesignhoard.com/HTML/html/education/images/themepost/img-04.jpg]
[mydesignhoard.com/HTML/html/education/results.html]
[mydesignhoard.com/HTML/html/education/admissions.html]
[mydesignhoard.com/HTML/html/education/admissionsdetail.html]
[mydesignhoard.com/HTML/html/education/departments.html]
[mydesignhoard.com/HTML/html/education/departmentdetail.html]
[mydesignhoard.com/HTML/html/education/campuses.html]
[mydesignhoard.com/HTML/html/education/contactusvone.html]
[mydesignhoard.com/HTML/html/education/aboutcampuslife.html]
[mydesignhoard.com/HTML/html/education/abouthonorsawards.html]
[mydesignhoard.com/HTML/html/education/contactusvtwo.html]
[mydesignhoard.com/HTML/html/education/aboutleadership.html]
[mydesignhoard.com/HTML/html/education/aboutobjectives.html]
[mydesignhoard.com/HTML/html/education/aboutvisionmission.html]
[mydesignhoard.com/HTML/html/education/aboutouridentity.html]
[mydesignhoard.com/HTML/html/education/aboutrectormessage.html]
[mydesignhoard.com/HTML/html/education/newslist.html]
[mydesignhoard.com/HTML/html/education/newsgrid.html]
[mydesignhoard.com/HTML/html/education/newsdetail.html]
[mydesignhoard.com/HTML/html/education/newsgridsidebar.html]
[mydesignhoard.com/HTML/html/education/jobs.html]
[mydesignhoard.com/HTML/html/education/gallery.html]
[mydesignhoard.com/HTML/html/education/faqs.html]
[mydesignhoard.com/HTML/html/education/comingsoon.html]
[mydesignhoard.com/HTML/html/education/images/slider/img-04.jpg]
[mydesignhoard.com/HTML/html/education/404error.html]
[mydesignhoard.com/HTML/html/education/jobdetail.html]
[mydesignhoard.com/HTML/html/education/images/slider/img-05.jpg]
[mydesignhoard.com/HTML/html/education/images/slider/img-06.jpg]
[mydesignhoard.com/HTML/html/education/images/img-03.jpg]
[mydesignhoard.com/HTML/html/education/images/logo2.png]
[mydesignhoard.com/HTML/html/education/images/events/img-01.jpg]
[mydesignhoard.com/HTML/html/education/images/events/img-02.jpg]
[mydesignhoard.com/HTML/html/education/images/events/img-03.jpg]
[mydesignhoard.com/HTML/html/education/images/events/img-04.jpg]
[mydesignhoard.com/HTML/html/education/images/events/img-05.jpg]
[mydesignhoard.com/HTML/html/education/images/events/img-06.jpg]
[mydesignhoard.com/HTML/html/education/images/events/img-07.jpg]
[mydesignhoard.com/HTML/html/education/images/glance/img-00.jpg]
[mydesignhoard.com/HTML/html/education/images/glance/img-01.jpg]
[mydesignhoard.com/HTML/html/education/images/glance/img-02.jpg]
[mydesignhoard.com/HTML/html/education/images/glance/img-03.jpg]
[mydesignhoard.com/HTML/html/education/images/glance/img-04.jpg]
[mydesignhoard.com/HTML/html/education/images/glance/img-05.jpg]
[mydesignhoard.com/HTML/html/education/images/glance/img-06.jpg]
[mydesignhoard.com/HTML/html/education/images/glance/img-07.jpg]
[mydesignhoard.com/HTML/html/education/images/glance/img-08.jpg]
[mydesignhoard.com/HTML/html/education/images/glance/img-09.jpg]
[mydesignhoard.com/HTML/html/education/images/themepost/img-05.jpg]
[mydesignhoard.com/HTML/html/education/images/themepost/img-06.jpg]
[mydesignhoard.com/HTML/html/education/images/themepost/img-07.jpg]
[mydesignhoard.com/HTML/html/education/images/brands/img-01.png]
[mydesignhoard.com/HTML/html/education/images/brands/img-02.png]
[mydesignhoard.com/HTML/html/education/images/brands/img-03.png]
[mydesignhoard.com/HTML/html/education/images/brands/img-04.png]
[mydesignhoard.com/HTML/html/education/images/brands/img-05.png]
[mydesignhoard.com/HTML/html/education/images/brands/img-06.png]
[mydesignhoard.com/HTML/html/education/images/glance/img-10.jpg]
[mydesignhoard.com/HTML/html/education/images/glance/img-11.jpg]
[mydesignhoard.com/HTML/html/education/images/glance/img-12.jpg]
[mydesignhoard.com/HTML/html/education/images/glance/img-13.jpg]
[mydesignhoard.com/HTML/html/education/images/glance/img-14.jpg]
[mydesignhoard.com/HTML/html/education/images/glance/img-15.jpg]
[mydesignhoard.com/HTML/html/education/images/glance/img-16.jpg]
[mydesignhoard.com/HTML/html/education/images/glance/img-17.jpg]
[mydesignhoard.com/HTML/html/education/images/glance/img-18.jpg]
[mydesignhoard.com/HTML/html/education/images/glance/img-19.jpg]
[mydesignhoard.com/HTML/html/education/images/glance/img-20.jpg]
[mydesignhoard.com/HTML/html/education/images/glance/img-21.jpg]
[mydesignhoard.com/HTML/html/education/js/mapclustering/data.json]
[mydesignhoard.com/HTML/html/education/js/vendor/bootstrap.min.js]
[mydesignhoard.com/HTML/html/education/js/mapclustering/map.js]
[mydesignhoard.com/HTML/html/education/js/mapclustering/infobox.js]
[mydesignhoard.com/HTML/html/education/js/mapclustering/markerclusterer.min.js]
[mydesignhoard.com/HTML/html/education/js/vendor/jquery-library.js]
[mydesignhoard.com/HTML/html/education/js/owl.carousel.min.js]
[mydesignhoard.com/HTML/html/education/js/prettyPhoto.js]
[mydesignhoard.com/HTML/html/education/js/countdown.js]
[mydesignhoard.com/HTML/html/education/js/collapse.js]
[mydesignhoard.com/HTML/html/education/js/main.js]
[mydesignhoard.com/HTML/html/education/index.html]
[mydesignhoard.com/HTML/html/education/js/isotope.pkgd.js]
[mydesignhoard.com/HTML/html/education/js/gmap3.js]
[mydesignhoard.com/HTML/html/education/fonts/glyphicons-halflings-regular.eot]
[mydesignhoard.com/HTML/html/education/fonts/glyphicons-halflings-regulard41d.eot]
[mydesignhoard.com/HTML/html/education/js/moment.js]
[mydesignhoard.com/HTML/html/education/fonts/glyphicons-halflings-regular.woff]
[mydesignhoard.com/HTML/html/education/fonts/glyphicons-halflings-regular.woff2]
[mydesignhoard.com/HTML/html/education/fonts/glyphicons-halflings-regular.ttf]
[mydesignhoard.com/HTML/html/education/css/bootstrap.min.css]
[mydesignhoard.com/HTML/html/education/css/normalize.css]
[mydesignhoard.com/HTML/html/education/fonts/fontawesome-webfont3e6e.eot]
[mydesignhoard.com/HTML/html/education/fonts/fontawesome-webfontd41d.eot]
[mydesignhoard.com/HTML/html/education/fonts/fontawesome-webfont3e6e.woff]
[mydesignhoard.com/HTML/html/education/fonts/fontawesome-webfont3e6e.woff2]
[mydesignhoard.com/HTML/html/education/fonts/fontawesome-webfont3e6e.ttf]
[mydesignhoard.com/HTML/html/education/css/font-awesome.min.css]
[mydesignhoard.com/HTML/html/education/fonts/icomoonbd7d.eot]
[mydesignhoard.com/HTML/html/education/fonts/icomoonbd7d.ttf]
[mydesignhoard.com/HTML/html/education/fonts/icomoonbd7d.woff]
[mydesignhoard.com/HTML/html/education/css/icomoon.css]
[mydesignhoard.com/HTML/html/education/css/animate.css]
[mydesignhoard.com/HTML/html/education/images/prettyPhoto/default/sprite.png]
[mydesignhoard.com/HTML/html/education/images/prettyPhoto/default/sprite_x.png]
[mydesignhoard.com/HTML/html/education/images/prettyPhoto/default/sprite_y.png]
[mydesignhoard.com/HTML/html/education/images/prettyPhoto/default/sprite_next.png]
[mydesignhoard.com/HTML/html/education/images/prettyPhoto/default/sprite_prev.png]
[mydesignhoard.com/HTML/html/education/images/prettyPhoto/default/default_thumb.png]
[mydesignhoard.com/HTML/html/education/images/prettyPhoto/default/loader.gif]
[mydesignhoard.com/HTML/html/education/images/prettyPhoto/light_rounded/sprite.png]
[mydesignhoard.com/HTML/html/education/images/prettyPhoto/light_rounded/btnNext.png]
[mydesignhoard.com/HTML/html/education/images/prettyPhoto/light_rounded/btnPrevious.png]
[mydesignhoard.com/HTML/html/education/images/prettyPhoto/dark_rounded/sprite.png]
[mydesignhoard.com/HTML/html/education/images/prettyPhoto/dark_rounded/contentPattern.png]
[mydesignhoard.com/HTML/html/education/images/prettyPhoto/dark_rounded/btnNext.png]
[mydesignhoard.com/HTML/html/education/images/prettyPhoto/dark_rounded/btnPrevious.png]
[mydesignhoard.com/HTML/html/education/images/prettyPhoto/dark_rounded/loader.gif]
[mydesignhoard.com/HTML/html/education/images/prettyPhoto/dark_square/loader.gif]
[mydesignhoard.com/HTML/html/education/images/prettyPhoto/dark_square/sprite.png]
[mydesignhoard.com/HTML/html/education/images/prettyPhoto/dark_square/btnNext.png]
[mydesignhoard.com/HTML/html/education/images/prettyPhoto/dark_square/btnPrevious.png]
[mydesignhoard.com/HTML/html/education/images/prettyPhoto/light_square/sprite.png]
[mydesignhoard.com/HTML/html/education/images/prettyPhoto/light_square/btnNext.png]
[mydesignhoard.com/HTML/html/education/images/prettyPhoto/light_square/btnPrevious.png]
[mydesignhoard.com/HTML/html/education/images/prettyPhoto/facebook/sprite.png]
[mydesignhoard.com/HTML/html/education/images/prettyPhoto/facebook/contentPatternTop.png]
[mydesignhoard.com/HTML/html/education/images/prettyPhoto/facebook/contentPatternLeft.png]
[mydesignhoard.com/HTML/html/education/images/prettyPhoto/facebook/contentPatternRight.png]
[mydesignhoard.com/HTML/html/education/images/prettyPhoto/facebook/loader.gif]
[mydesignhoard.com/HTML/html/education/images/prettyPhoto/facebook/btnNext.png]
[mydesignhoard.com/HTML/html/education/images/prettyPhoto/facebook/btnPrevious.png]
[mydesignhoard.com/HTML/html/education/images/prettyPhoto/facebook/contentPatternBottom.png]
[mydesignhoard.com/HTML/html/education/images/prettyPhoto/facebook/default_thumbnail.gif]
[mydesignhoard.com/HTML/html/education/images/prettyPhoto/light_rounded/loader.gif]
[mydesignhoard.com/HTML/html/education/css/prettyPhoto.css]
[mydesignhoard.com/HTML/html/education/images/owl.video.play.png]
[mydesignhoard.com/HTML/html/education/css/owl.carousel.css]
[mydesignhoard.com/HTML/html/education/css/owl.theme.default.css]
[mydesignhoard.com/HTML/html/education/css/transitions.css]
[mydesignhoard.com/HTML/html/education/images/bodybg-01.png]
[mydesignhoard.com/HTML/html/education/images/placeholder/btnplay.png]
[mydesignhoard.com/HTML/html/education/css/main.css]
[mydesignhoard.com/HTML/html/education/css/color.css]
[mydesignhoard.com/HTML/html/education/css/responsive.css]
[mydesignhoard.com/HTML/html/education/index-2.html]
[mydesignhoard.com/HTML/html/education/images/slider/img-01.jpg]
[mydesignhoard.com/HTML/html/education/images/slider/img-02.jpg]
[mydesignhoard.com/HTML/html/education/images/slider/img-03.jpg]
[mydesignhoard.com/HTML/html/education/images/events/img-08.jpg]
[mydesignhoard.com/HTML/html/education/images/events/img-09.jpg]
[mydesignhoard.com/HTML/html/education/images/events/img-10.jpg]
[mydesignhoard.com/HTML/html/education/images/events/img-11.jpg]
[mydesignhoard.com/HTML/html/education/images/events/img-12.jpg]
[mydesignhoard.com/HTML/html/education/images/events/img-13.jpg]
[mydesignhoard.com/HTML/html/education/images/glance/img-22.jpg]
[mydesignhoard.com/HTML/html/education/images/campuses/img-04.jpg]
[mydesignhoard.com/HTML/html/education/images/campuses/img-05.jpg]
[mydesignhoard.com/HTML/html/education/images/campuses/img-06.jpg]
[mydesignhoard.com/HTML/html/education/index2.html]
[mydesignhoard.com/HTML/html/education/images/logow.png]
[mydesignhoard.com/HTML/html/education/images/slider/img-07.jpg]
[mydesignhoard.com/HTML/html/education/images/slider/img-08.jpg]
[mydesignhoard.com/HTML/html/education/images/slider/img-09.jpg]
[mydesignhoard.com/HTML/html/education/index3.html]
[mydesignhoard.com/HTML/html/education/index4.html]
[mydesignhoard.com/HTML/html/education/images/courses/img-16.jpg]
[mydesignhoard.com/HTML/html/education/images/courses/img-17.jpg]
[mydesignhoard.com/HTML/html/education/images/courses/img-18.jpg]
[mydesignhoard.com/HTML/html/education/images/courses/img-19.jpg]
[mydesignhoard.com/HTML/html/education/images/courses/img-20.jpg]
[mydesignhoard.com/HTML/html/education/images/courses/img-01.jpg]
[mydesignhoard.com/HTML/html/education/images/courses/img-02.jpg]
[mydesignhoard.com/HTML/html/education/images/courses/img-03.jpg]
[mydesignhoard.com/HTML/html/education/courseslist.html]
[mydesignhoard.com/HTML/html/education/images/courses/img-04.jpg]
[mydesignhoard.com/HTML/html/education/images/courses/img-05.jpg]
[mydesignhoard.com/HTML/html/education/images/courses/img-06.jpg]
[mydesignhoard.com/HTML/html/education/images/courses/img-07.jpg]
[mydesignhoard.com/HTML/html/education/images/courses/img-08.jpg]
[mydesignhoard.com/HTML/html/education/images/courses/img-09.jpg]
[mydesignhoard.com/HTML/html/education/images/courses/img-10.jpg]
[mydesignhoard.com/HTML/html/education/images/courses/img-11.jpg]
[mydesignhoard.com/HTML/html/education/images/courses/img-12.jpg]
[mydesignhoard.com/HTML/html/education/images/courses/img-13.jpg]
[mydesignhoard.com/HTML/html/education/images/courses/img-14.jpg]
[mydesignhoard.com/HTML/html/education/images/courses/img-15.jpg]
[mydesignhoard.com/HTML/html/education/coursesgrid.html]
[mydesignhoard.com/HTML/html/education/images/authors/img-01.jpg]
[mydesignhoard.com/HTML/html/education/images/courses/img-21.jpg]
[mydesignhoard.com/HTML/html/education/images/courses/img-22.jpg]
[mydesignhoard.com/HTML/html/education/images/courses/img-23.jpg]
[mydesignhoard.com/HTML/html/education/images/courses/img-24.jpg]
[mydesignhoard.com/HTML/html/education/images/courses/img-25.jpg]
[mydesignhoard.com/HTML/html/education/images/courses/img-26.jpg]
[mydesignhoard.com/HTML/html/education/images/courses/img-27.jpg]
[mydesignhoard.com/HTML/html/education/images/courses/img-28.jpg]
[mydesignhoard.com/HTML/html/education/images/courses/img-29.jpg]
[mydesignhoard.com/HTML/html/education/images/courses/img-30.jpg]
[mydesignhoard.com/HTML/html/education/images/tutors/img-01.jpg]
[mydesignhoard.com/HTML/html/education/images/tutors/img-02.jpg]
[mydesignhoard.com/HTML/html/education/images/tutors/img-03.jpg]
[mydesignhoard.com/HTML/html/education/coursedetail.html]
[mydesignhoard.com/HTML/html/education/images/speakers/img-01.jpg]
[mydesignhoard.com/HTML/html/education/images/speakers/img-02.jpg]
[mydesignhoard.com/HTML/html/education/images/speakers/img-03.jpg]
[mydesignhoard.com/HTML/html/education/images/speakers/img-04.jpg]
[mydesignhoard.com/HTML/html/education/images/speakers/img-05.jpg]
[mydesignhoard.com/HTML/html/education/images/speakers/img-06.jpg]
[mydesignhoard.com/HTML/html/education/images/speakers/img-07.jpg]
[mydesignhoard.com/HTML/html/education/faculties.html]
[mydesignhoard.com/HTML/html/education/images/img-22.jpg]
[mydesignhoard.com/HTML/html/education/images/img-23.jpg]
[mydesignhoard.com/HTML/html/education/images/speakers/img-08.jpg]
[mydesignhoard.com/HTML/html/education/facultydetail.html]
[mydesignhoard.com/HTML/html/education/images/events/img-17.jpg]
[mydesignhoard.com/HTML/html/education/images/events/img-18.jpg]
[mydesignhoard.com/HTML/html/education/images/events/img-19.jpg]
[mydesignhoard.com/HTML/html/education/images/events/img-20.jpg]
[mydesignhoard.com/HTML/html/education/eventslist.html]
[mydesignhoard.com/HTML/html/education/images/events/img-14.jpg]
[mydesignhoard.com/HTML/html/education/images/events/img-15.jpg]
[mydesignhoard.com/HTML/html/education/images/events/img-16.jpg]
[mydesignhoard.com/HTML/html/education/eventsgrid.html]
[mydesignhoard.com/HTML/html/education/images/events/img-21.jpg]
[mydesignhoard.com/HTML/html/education/eventdetail.html]
[mydesignhoard.com/HTML/html/education/images/students/img-01.jpg]
[mydesignhoard.com/HTML/html/education/images/students/img-02.jpg]
[mydesignhoard.com/HTML/html/education/images/students/img-03.jpg]
[mydesignhoard.com/HTML/html/education/results.html]
[mydesignhoard.com/HTML/html/education/images/addmission/img-01.jpg]
[mydesignhoard.com/HTML/html/education/images/addmission/img-02.jpg]
[mydesignhoard.com/HTML/html/education/images/addmission/img-03.jpg]
[mydesignhoard.com/HTML/html/education/admissions.html]
[mydesignhoard.com/HTML/html/education/admissionsdetail.html]
[mydesignhoard.com/HTML/html/education/departments.html]
[mydesignhoard.com/HTML/html/education/departmentdetail.html]
[mydesignhoard.com/HTML/html/education/images/campuses/img-03.jpg]
[mydesignhoard.com/HTML/html/education/images/campuses/img-07.jpg]
[mydesignhoard.com/HTML/html/education/images/campuses/img-08.jpg]
[mydesignhoard.com/HTML/html/education/images/campuses/img-09.jpg]
[mydesignhoard.com/HTML/html/education/campuses.html]
[mydesignhoard.com/HTML/html/education/images/campuses/img-12.jpg]
[mydesignhoard.com/HTML/html/education/images/campuses/img-13.jpg]
[mydesignhoard.com/HTML/html/education/images/campuses/img-10.jpg]
[mydesignhoard.com/HTML/html/education/images/campuses/img-11.jpg]
[mydesignhoard.com/HTML/html/education/contactusvone.html]
[mydesignhoard.com/HTML/html/education/contactusvtwo.html]
[mydesignhoard.com/HTML/html/education/images/placeholder/img-01.jpg]
[mydesignhoard.com/HTML/html/education/aboutcampuslife.html]
[mydesignhoard.com/HTML/html/education/images/img-13.jpg]
[mydesignhoard.com/HTML/html/education/images/img-14.jpg]
[mydesignhoard.com/HTML/html/education/images/img-15.jpg]
[mydesignhoard.com/HTML/html/education/abouthonorsawards.html]
[mydesignhoard.com/HTML/html/education/images/img-06.jpg]
[mydesignhoard.com/HTML/html/education/aboutleadership.html]
[mydesignhoard.com/HTML/html/education/images/img-07.jpg]
[mydesignhoard.com/HTML/html/education/images/img-08.jpg]
[mydesignhoard.com/HTML/html/education/images/img-09.jpg]
[mydesignhoard.com/HTML/html/education/aboutobjectives.html]
[mydesignhoard.com/HTML/html/education/images/img-10.jpg]
[mydesignhoard.com/HTML/html/education/images/img-11.jpg]
[mydesignhoard.com/HTML/html/education/images/img-12.jpg]
[mydesignhoard.com/HTML/html/education/aboutouridentity.html]
[mydesignhoard.com/HTML/html/education/images/img-04.jpg]
[mydesignhoard.com/HTML/html/education/aboutrectormessage.html]
[mydesignhoard.com/HTML/html/education/images/img-05.jpg]
[mydesignhoard.com/HTML/html/education/aboutvisionmission.html]
[mydesignhoard.com/HTML/html/education/newslist.html]
[mydesignhoard.com/HTML/html/education/images/themepost/img-10.jpg]
[mydesignhoard.com/HTML/html/education/images/themepost/img-11.jpg]
[mydesignhoard.com/HTML/html/education/images/themepost/img-12.jpg]
[mydesignhoard.com/HTML/html/education/images/themepost/img-13.jpg]
[mydesignhoard.com/HTML/html/education/images/themepost/img-14.jpg]
[mydesignhoard.com/HTML/html/education/images/themepost/img-15.jpg]
[mydesignhoard.com/HTML/html/education/images/themepost/img-16.jpg]
[mydesignhoard.com/HTML/html/education/images/themepost/img-17.jpg]
[mydesignhoard.com/HTML/html/education/newsgrid.html]
[mydesignhoard.com/HTML/html/education/images/themepost/img-18.jpg]
[mydesignhoard.com/HTML/html/education/newsgridsidebar.html]
[mydesignhoard.com/HTML/html/education/images/themepost/img-19.jpg]
[mydesignhoard.com/HTML/html/education/images/img-16.jpg]
[mydesignhoard.com/HTML/html/education/images/img-17.jpg]
[mydesignhoard.com/HTML/html/education/images/img-18.jpg]
[mydesignhoard.com/HTML/html/education/images/img-19.jpg]
[mydesignhoard.com/HTML/html/education/images/img-20.jpg]
[mydesignhoard.com/HTML/html/education/images/img-21.jpg]
[mydesignhoard.com/HTML/html/education/newsdetail.html]
[mydesignhoard.com/HTML/html/education/jobs.html]
[mydesignhoard.com/HTML/html/education/info@uoek.com]
[mydesignhoard.com/HTML/html/education/jobdetail.html]
[mydesignhoard.com/HTML/html/education/images/gallery/img-01.jpg]
[mydesignhoard.com/HTML/html/education/images/gallery/img-02.jpg]
[mydesignhoard.com/HTML/html/education/images/gallery/img-03.jpg]
[mydesignhoard.com/HTML/html/education/images/gallery/img-04.jpg]
[mydesignhoard.com/HTML/html/education/images/gallery/img-05.jpg]
[mydesignhoard.com/HTML/html/education/images/gallery/img-06.jpg]
[mydesignhoard.com/HTML/html/education/images/gallery/img-07.jpg]
[mydesignhoard.com/HTML/html/education/images/gallery/img-08.jpg]
[mydesignhoard.com/HTML/html/education/images/gallery/img-09.jpg]
[mydesignhoard.com/HTML/html/education/images/gallery/img-10.jpg]
[mydesignhoard.com/HTML/html/education/images/gallery/img-11.jpg]
[mydesignhoard.com/HTML/html/education/images/gallery/img-12.jpg]
[mydesignhoard.com/HTML/html/education/images/gallery/img-13.jpg]
[mydesignhoard.com/HTML/html/education/images/gallery/img-14.jpg]
[mydesignhoard.com/HTML/html/education/images/gallery/img-15.jpg]
[mydesignhoard.com/HTML/html/education/gallery.html]
[mydesignhoard.com/HTML/html/education/faqs.html]
[mydesignhoard.com/HTML/html/education/images/404-img.jpg]
[mydesignhoard.com/HTML/html/education/404error.html]
[mydesignhoard.com/HTML/html/education/images/logo3.png]
[mydesignhoard.com/HTML/html/education/comingsoon.html]
[mydesignhoard.com/HTML/html/education/fonts/glyphicons-halflings-regular.svg]
[mydesignhoard.com/HTML/html/education/fonts/fontawesome-webfont3e6e.svg]
[mydesignhoard.com/HTML/html/education/fonts/icomoonbd7d.svg]
[mydesignhoard.com/HTML/html/education/info@uoek.html]
