[demo.web3canvas.com/themeforest/unisco/index.html]
[backblue.gif]
[fade.gif]
[index.html]
[demo.web3canvas.com/cdn-cgi/apps/head/Oy59uNyS-HS5eBg_KJoiEjW-Xo8.js]
[demo.web3canvas.com/themeforest/unisco/css/bootstrap.min.css]
[demo.web3canvas.com/themeforest/unisco/css/font-awesome.min.css]
[demo.web3canvas.com/themeforest/unisco/css/simple-line-icons.css]
[demo.web3canvas.com/themeforest/unisco/css/slick.css]
[demo.web3canvas.com/themeforest/unisco/css/slick-theme.css]
[demo.web3canvas.com/themeforest/unisco/css/owl.carousel.min.css]
[demo.web3canvas.com/themeforest/unisco/css/style.css]
[demo.web3canvas.com/themeforest/unisco/index-2.html]
[demo.web3canvas.com/themeforest/unisco/images/responsive-logo.png]
[demo.web3canvas.com/themeforest/unisco/about.html]
[demo.web3canvas.com/themeforest/unisco/admission-form.html]
[demo.web3canvas.com/themeforest/unisco/academics.html]
[demo.web3canvas.com/themeforest/unisco/images/logo.png]
[demo.web3canvas.com/themeforest/unisco/research.html]
[demo.web3canvas.com/themeforest/unisco/index-3.html]
[demo.web3canvas.com/themeforest/unisco/index-video.html]
[demo.web3canvas.com/themeforest/unisco/blog.html]
[demo.web3canvas.com/themeforest/unisco/blog-post.html]
[demo.web3canvas.com/themeforest/unisco/index-landing-page.html]
[demo.web3canvas.com/themeforest/unisco/events.html]
[demo.web3canvas.com/themeforest/unisco/course-detail.html]
[demo.web3canvas.com/themeforest/unisco/campus-life.html]
[demo.web3canvas.com/themeforest/unisco/our-teachers.html]
[demo.web3canvas.com/themeforest/unisco/teachers-single.html]
[demo.web3canvas.com/themeforest/unisco/gallery.html]
[demo.web3canvas.com/themeforest/unisco/shortcodes.html]
[demo.web3canvas.com/themeforest/unisco/notice-board.html]
[demo.web3canvas.com/themeforest/unisco/chairman-speech.html]
[demo.web3canvas.com/themeforest/unisco/sample-page.html]
[demo.web3canvas.com/themeforest/unisco/faq.html]
[demo.web3canvas.com/themeforest/unisco/login.html]
[demo.web3canvas.com/themeforest/unisco/sign-up.html]
[demo.web3canvas.com/themeforest/unisco/coming-soon.html]
[demo.web3canvas.com/themeforest/unisco/contact.html]
[demo.web3canvas.com/themeforest/unisco/images/slider.jpg]
[demo.web3canvas.com/themeforest/unisco/images/slider-2.jpg]
[demo.web3canvas.com/themeforest/unisco/images/slider-3.jpg]
[demo.web3canvas.com/themeforest/unisco/images/welcom_sign.png]
[demo.web3canvas.com/themeforest/unisco/images/courses_1.jpg]
[demo.web3canvas.com/themeforest/unisco/images/plus-icon.png]
[demo.web3canvas.com/themeforest/unisco/images/courses_2.jpg]
[demo.web3canvas.com/themeforest/unisco/images/courses_3.jpg]
[demo.web3canvas.com/themeforest/unisco/images/courses_4.jpg]
[demo.web3canvas.com/themeforest/unisco/images/upcoming-event-img.jpg]
[demo.web3canvas.com/themeforest/unisco/images/chart-icon_1.png]
[demo.web3canvas.com/themeforest/unisco/images/chart-icon_2.png]
[demo.web3canvas.com/themeforest/unisco/images/chart-icon_3.png]
[demo.web3canvas.com/themeforest/unisco/images/chart-icon_4.png]
[demo.web3canvas.com/themeforest/unisco/images/blog-img_1.jpg]
[demo.web3canvas.com/themeforest/unisco/images/blog-img_2.jpg]
[demo.web3canvas.com/themeforest/unisco/images/blog-img_3.jpg]
[demo.web3canvas.com/themeforest/unisco/images/play-btn.png]
[demo.web3canvas.com/themeforest/unisco/images/blog-img_4.jpg]
[demo.web3canvas.com/themeforest/unisco/images/footer-logo.png]
[demo.web3canvas.com/themeforest/unisco/admission.html]
[demo.web3canvas.com/themeforest/unisco/js/tether.min.js]
[demo.web3canvas.com/themeforest/unisco/js/jquery.min.js]
[demo.web3canvas.com/themeforest/unisco/js/bootstrap.min.js]
[demo.web3canvas.com/themeforest/unisco/js/slick.min.js]
[demo.web3canvas.com/themeforest/unisco/js/waypoints.min.js]
[demo.web3canvas.com/themeforest/unisco/js/counterup.min.js]
[demo.web3canvas.com/themeforest/unisco/js/instafeed.min.js]
[demo.web3canvas.com/themeforest/unisco/js/owl.carousel.min.js]
[demo.web3canvas.com/themeforest/unisco/js/validate.js]
[demo.web3canvas.com/themeforest/unisco/js/tweetie.min.js]
[demo.web3canvas.com/themeforest/unisco/js/subscribe.js]
[demo.web3canvas.com/themeforest/unisco/index.html]
[demo.web3canvas.com/themeforest/unisco/css/bootstrap.min.css]
[demo.web3canvas.com/themeforest/unisco/js/script.js]
[demo.web3canvas.com/themeforest/unisco/fonts/fontawesome-webfont3e6e.eot]
[demo.web3canvas.com/themeforest/unisco/fonts/fontawesome-webfontd41d.eot]
[demo.web3canvas.com/themeforest/unisco/css/font-awesome.min.css]
[demo.web3canvas.com/themeforest/unisco/fonts/fontawesome-webfont3e6e.woff]
[demo.web3canvas.com/themeforest/unisco/fonts/Simple-Line-Iconsb26c.eot]
[demo.web3canvas.com/themeforest/unisco/fonts/fontawesome-webfont3e6e.ttf]
[demo.web3canvas.com/themeforest/unisco/fonts/Simple-Line-Iconsb26c.ttf]
[demo.web3canvas.com/themeforest/unisco/css/simple-line-icons.css]
[demo.web3canvas.com/themeforest/unisco/css/slick.css]
[demo.web3canvas.com/themeforest/unisco/images/ajax-loader.gif]
[demo.web3canvas.com/themeforest/unisco/css/slick-theme.css]
[demo.web3canvas.com/themeforest/unisco/fonts/fontawesome-webfont3e6e.svg]
[demo.web3canvas.com/themeforest/unisco/fonts/Simple-Line-Iconsb26c.woff]
[demo.web3canvas.com/themeforest/unisco/fonts/Simple-Line-Iconsb26c.svg]
[demo.web3canvas.com/themeforest/unisco/css/owl.video.play.png]
[demo.web3canvas.com/themeforest/unisco/css/owl.carousel.min.css]
[demo.web3canvas.com/themeforest/unisco/images/chart_bg.jpg]
[demo.web3canvas.com/themeforest/unisco/images/about-bg.jpg]
[demo.web3canvas.com/themeforest/unisco/images/discription-icon.png]
[demo.web3canvas.com/themeforest/unisco/images/right-icon.png]
[demo.web3canvas.com/themeforest/unisco/images/shortcode-list.png]
[demo.web3canvas.com/themeforest/unisco/images/coming-soon-img.jpg]
[demo.web3canvas.com/themeforest/unisco/css/style.css]
[demo.web3canvas.com/themeforest/unisco/index-2.html]
[demo.web3canvas.com/themeforest/unisco/images/welcome-img.jpg]
[demo.web3canvas.com/themeforest/unisco/images/testi-img.jpg]
[demo.web3canvas.com/themeforest/unisco/images/our-teachers_01.jpg]
[demo.web3canvas.com/themeforest/unisco/images/our-teachers_02.jpg]
[demo.web3canvas.com/themeforest/unisco/images/our-teachers_03.jpg]
[demo.web3canvas.com/themeforest/unisco/images/our-teachers_04.jpg]
[demo.web3canvas.com/themeforest/unisco/about.html]
[demo.web3canvas.com/themeforest/unisco/images/badge-icon.png]
[demo.web3canvas.com/themeforest/unisco/admission-form.html]
[demo.web3canvas.com/themeforest/unisco/js/admission.js]
[demo.web3canvas.com/themeforest/unisco/images/admission/our-cources_01.jpg]
[demo.web3canvas.com/themeforest/unisco/images/admission/our-cources_02.jpg]
[demo.web3canvas.com/themeforest/unisco/images/admission/our-cources_03.jpg]
[demo.web3canvas.com/themeforest/unisco/images/admission/our-cources_04.jpg]
[demo.web3canvas.com/themeforest/unisco/images/admission/our-cources_05.jpg]
[demo.web3canvas.com/themeforest/unisco/images/admission/our-cources_06.jpg]
[demo.web3canvas.com/themeforest/unisco/images/admission/our-cources_07.jpg]
[demo.web3canvas.com/themeforest/unisco/images/admission/our-cources_08.jpg]
[demo.web3canvas.com/themeforest/unisco/academics.html]
[demo.web3canvas.com/themeforest/unisco/images/research/research-img_01.jpg]
[demo.web3canvas.com/themeforest/unisco/images/research/research-img_02.jpg]
[demo.web3canvas.com/themeforest/unisco/images/research/research-img_03.jpg]
[demo.web3canvas.com/themeforest/unisco/images/research/research-features_img.jpg]
[demo.web3canvas.com/themeforest/unisco/images/research/resources-img_01.jpg]
[demo.web3canvas.com/themeforest/unisco/images/research/resources-img_02.jpg]
[demo.web3canvas.com/themeforest/unisco/images/research/resources-img_03.jpg]
[demo.web3canvas.com/themeforest/unisco/research.html]
[demo.web3canvas.com/themeforest/unisco/images/campus/campus-img_05.jpg]
[demo.web3canvas.com/themeforest/unisco/index-3.html]
[demo.web3canvas.com/themeforest/unisco/index-video.html]
[demo.web3canvas.com/themeforest/unisco/js/video.js]
[demo.web3canvas.com/themeforest/unisco/images/blog/blog-img_01.jpg]
[demo.web3canvas.com/themeforest/unisco/images/blog/blog-img_02.jpg]
[demo.web3canvas.com/themeforest/unisco/images/blog/blog-img_03.jpg]
[demo.web3canvas.com/themeforest/unisco/images/blog/blogpost-img_01.jpg]
[demo.web3canvas.com/themeforest/unisco/images/blog/blogpost-img_02.jpg]
[demo.web3canvas.com/themeforest/unisco/images/blog/blogpost-img_03.jpg]
[demo.web3canvas.com/themeforest/unisco/blog.html]
[demo.web3canvas.com/themeforest/unisco/images/admission-detail/admission_testi-img.jpg]
[demo.web3canvas.com/themeforest/unisco/blog-post.html]
[demo.web3canvas.com/themeforest/unisco/images/admission-detail/instruction-img.jpg]
[demo.web3canvas.com/themeforest/unisco/index-landing-page.html]
[demo.web3canvas.com/themeforest/unisco/css/fullcalendar.min.css]
[demo.web3canvas.com/themeforest/unisco/images/events/event-img_1.jpg]
[demo.web3canvas.com/themeforest/unisco/images/events/event-img_2.jpg]
[demo.web3canvas.com/themeforest/unisco/images/events/event-img_3.jpg]
[demo.web3canvas.com/themeforest/unisco/js/moment.min.js]
[demo.web3canvas.com/themeforest/unisco/events.html]
[demo.web3canvas.com/themeforest/unisco/images/admission-detail/admission-detail_img.jpg]
[demo.web3canvas.com/themeforest/unisco/course-detail.html]
[demo.web3canvas.com/themeforest/unisco/js/fullcalendar.min.js]
[demo.web3canvas.com/themeforest/unisco/images/campus/campus-img_01.jpg]
[demo.web3canvas.com/themeforest/unisco/images/campus/campus-img_02.jpg]
[demo.web3canvas.com/themeforest/unisco/images/campus/campus-img_03.jpg]
[demo.web3canvas.com/themeforest/unisco/images/campus/campus-img_04.jpg]
[demo.web3canvas.com/themeforest/unisco/images/campus/campus-img_06.jpg]
[demo.web3canvas.com/themeforest/unisco/images/campus/campus-img_07.jpg]
[demo.web3canvas.com/themeforest/unisco/images/campus/campus-img_08.jpg]
[demo.web3canvas.com/themeforest/unisco/campus-life.html]
[demo.web3canvas.com/themeforest/unisco/images/teacher_1.jpg]
[demo.web3canvas.com/themeforest/unisco/images/teacher_2.jpg]
[demo.web3canvas.com/themeforest/unisco/images/teacher_3.jpg]
[demo.web3canvas.com/themeforest/unisco/images/teacher_4.jpg]
[demo.web3canvas.com/themeforest/unisco/our-teachers.html]
[demo.web3canvas.com/themeforest/unisco/teachers-single.html]
[demo.web3canvas.com/themeforest/unisco/css/magnific-popup.css]
[demo.web3canvas.com/themeforest/unisco/css/normalize.css]
[demo.web3canvas.com/themeforest/unisco/css/set2.css]
[demo.web3canvas.com/themeforest/unisco/css/animated-masonry-gallery.css]
[demo.web3canvas.com/themeforest/unisco/images/gallery/large_1.jpg]
[demo.web3canvas.com/themeforest/unisco/images/gallery/gallery_1.jpg]
[demo.web3canvas.com/themeforest/unisco/images/gallery/large_2.jpg]
[demo.web3canvas.com/themeforest/unisco/images/gallery/gallery_2.jpg]
[demo.web3canvas.com/themeforest/unisco/images/gallery/large_3.jpg]
[demo.web3canvas.com/themeforest/unisco/images/gallery/gallery_3.jpg]
[demo.web3canvas.com/themeforest/unisco/images/gallery/large_4.jpg]
[demo.web3canvas.com/themeforest/unisco/images/gallery/gallery_4.jpg]
[demo.web3canvas.com/themeforest/unisco/images/gallery/large_5.jpg]
[demo.web3canvas.com/themeforest/unisco/images/gallery/gallery_5.jpg]
[demo.web3canvas.com/themeforest/unisco/images/gallery/large_6.jpg]
[demo.web3canvas.com/themeforest/unisco/images/gallery/gallery_6.jpg]
[demo.web3canvas.com/themeforest/unisco/js/jquery.isotope.min.js]
[demo.web3canvas.com/themeforest/unisco/js/jquery-ui-1.10.4.min.js]
[demo.web3canvas.com/themeforest/unisco/js/animated-masonry-gallery.js]
[demo.web3canvas.com/themeforest/unisco/gallery.html]
[demo.web3canvas.com/themeforest/unisco/shortcodes.html]
[demo.web3canvas.com/themeforest/unisco/notice-board.html]
[demo.web3canvas.com/themeforest/unisco/chairman-speech.html]
[demo.web3canvas.com/themeforest/unisco/sample-page.html]
[demo.web3canvas.com/themeforest/unisco/faq.html]
[demo.web3canvas.com/themeforest/unisco/login.html]
[demo.web3canvas.com/themeforest/unisco/sign-up.html]
[demo.web3canvas.com/themeforest/unisco/coming-soon.html]
[demo.web3canvas.com/themeforest/unisco/js/jquery.magnific-popup.js]
[demo.web3canvas.com/themeforest/unisco/contact.html]
[demo.web3canvas.com/themeforest/unisco/admission.html]
[demo.web3canvas.com/themeforest/unisco/fonts/fontawesome-webfont3e6e.html]
[demo.web3canvas.com/themeforest/unisco/fonts/fontawesome-webfont3e6e.svg]
[demo.web3canvas.com/themeforest/unisco/fonts/Simple-Line-Iconsb26c.html]
[demo.web3canvas.com/themeforest/unisco/fonts/Simple-Line-Iconsb26c.svg]
[demo.web3canvas.com/themeforest/unisco/css/owl.video.play.html]
[demo.web3canvas.com/themeforest/unisco/images/shortcode-list.html]
[demo.web3canvas.com/themeforest/unisco/css/fullcalendar.min.css]
[demo.web3canvas.com/themeforest/unisco/css/magnific-popup.css]
[demo.web3canvas.com/themeforest/unisco/css/normalize.css]
[demo.web3canvas.com/themeforest/unisco/css/set2.css]
[demo.web3canvas.com/themeforest/unisco/css/animated-masonry-gallery.css]
[demo.web3canvas.com/themeforest/unisco/js/contact.js]
