[www.radiustheme.com/demo/html/academics/index.html]
[backblue.gif]
[fade.gif]
[index.html]
[www.radiustheme.com/demo/html/academics/img/favicon.png]
[www.radiustheme.com/demo/html/academics/css/normalize.css]
[www.radiustheme.com/demo/html/academics/css/main.css]
[www.radiustheme.com/demo/html/academics/css/bootstrap.min.css]
[www.radiustheme.com/demo/html/academics/css/animate.min.css]
[www.radiustheme.com/demo/html/academics/css/font-awesome.min.css]
[www.radiustheme.com/demo/html/academics/css/meanmenu.min.css]
[www.radiustheme.com/demo/html/academics/css/hover-min.css]
[www.radiustheme.com/demo/html/academics/style.css]
[www.radiustheme.com/demo/html/academics/js/modernizr-2.8.3.min.js]
[www.radiustheme.com/demo/html/academics/index-2.html]
[www.radiustheme.com/demo/html/academics/img/logo.png]
[www.radiustheme.com/demo/html/academics/academics/index.html]
[www.radiustheme.com/demo/html/academics/academics/index2.html]
[www.radiustheme.com/demo/html/academics/academics/index3.html]
[www.radiustheme.com/demo/html/academics/academics/index4.html]
[www.radiustheme.com/demo/html/academics/academics/about1.html]
[www.radiustheme.com/demo/html/academics/academics/about2.html]
[www.radiustheme.com/demo/html/academics/academics/about3.html]
[www.radiustheme.com/demo/html/academics/academics/about4.html]
[www.radiustheme.com/demo/html/academics/academics/event.html]
[www.radiustheme.com/demo/html/academics/academics/single-event.html]
[www.radiustheme.com/demo/html/academics/academics/gallery1.html]
[www.radiustheme.com/demo/html/academics/academics/gallery2.html]
[www.radiustheme.com/demo/html/academics/academics/shop1.html]
[www.radiustheme.com/demo/html/academics/academics/shop2.html]
[www.radiustheme.com/demo/html/academics/academics/single-shop.html]
[www.radiustheme.com/demo/html/academics/academics/pricing1.html]
[www.radiustheme.com/demo/html/academics/academics/pricing2.html]
[www.radiustheme.com/demo/html/academics/academics/news1.html]
[www.radiustheme.com/demo/html/academics/academics/news2.html]
[www.radiustheme.com/demo/html/academics/academics/single-news.html]
[www.radiustheme.com/demo/html/academics/academics/faq.html]
[www.radiustheme.com/demo/html/academics/academics/404.html]
[www.radiustheme.com/demo/html/academics/academics/lecturers1.html]
[www.radiustheme.com/demo/html/academics/academics/single-lecturers.html]
[www.radiustheme.com/demo/html/academics/academics/courses1.html]
[www.radiustheme.com/demo/html/academics/academics/courses2.html]
[www.radiustheme.com/demo/html/academics/academics/courses3.html]
[www.radiustheme.com/demo/html/academics/academics/single-courses1.html]
[www.radiustheme.com/demo/html/academics/academics/single-courses2.html]
[www.radiustheme.com/demo/html/academics/academics/single-courses3.html]
[www.radiustheme.com/demo/html/academics/academics/research1.html]
[www.radiustheme.com/demo/html/academics/academics/research2.html]
[www.radiustheme.com/demo/html/academics/academics/research3.html]
[www.radiustheme.com/demo/html/academics/academics/single-research.html]
[www.radiustheme.com/demo/html/academics/academics/contact1.html]
[www.radiustheme.com/demo/html/academics/academics/contact2.html]
[www.radiustheme.com/demo/html/academics/img/banner/2.jpg]
[www.radiustheme.com/demo/html/academics/img/banner/3.jpg]
[www.radiustheme.com/demo/html/academics/img/banner/4.jpg]
[www.radiustheme.com/demo/html/academics/img/home1.jpg]
[www.radiustheme.com/demo/html/academics/img/home2.jpg]
[www.radiustheme.com/demo/html/academics/img/home3.jpg]
[www.radiustheme.com/demo/html/academics/img/home4.jpg]
[www.radiustheme.com/demo/html/academics/img/about1.jpg]
[www.radiustheme.com/demo/html/academics/img/about2.jpg]
[www.radiustheme.com/demo/html/academics/img/about3.jpg]
[www.radiustheme.com/demo/html/academics/img/about4.jpg]
[www.radiustheme.com/demo/html/academics/img/lecturers1.jpg]
[www.radiustheme.com/demo/html/academics/img/lecturers2.jpg]
[www.radiustheme.com/demo/html/academics/academics/lecturers2.html]
[www.radiustheme.com/demo/html/academics/img/single-lecturers.jpg]
[www.radiustheme.com/demo/html/academics/img/courses1.jpg]
[www.radiustheme.com/demo/html/academics/img/courses2.jpg]
[www.radiustheme.com/demo/html/academics/img/courses3.jpg]
[www.radiustheme.com/demo/html/academics/img/single-courses1.jpg]
[www.radiustheme.com/demo/html/academics/img/single-courses2.jpg]
[www.radiustheme.com/demo/html/academics/img/single-courses3.jpg]
[www.radiustheme.com/demo/html/academics/img/research1.jpg]
[www.radiustheme.com/demo/html/academics/img/research2.jpg]
[www.radiustheme.com/demo/html/academics/img/research3.jpg]
[www.radiustheme.com/demo/html/academics/img/single-research.jpg]
[www.radiustheme.com/demo/html/academics/img/event.jpg]
[www.radiustheme.com/demo/html/academics/img/single-event.jpg]
[www.radiustheme.com/demo/html/academics/img/news1.jpg]
[www.radiustheme.com/demo/html/academics/img/news2.jpg]
[www.radiustheme.com/demo/html/academics/img/single-news.jpg]
[www.radiustheme.com/demo/html/academics/img/gallery1.jpg]
[www.radiustheme.com/demo/html/academics/img/gallery2.jpg]
[www.radiustheme.com/demo/html/academics/img/shop1.jpg]
[www.radiustheme.com/demo/html/academics/img/shop2.jpg]
[www.radiustheme.com/demo/html/academics/img/single-shop.jpg]
[www.radiustheme.com/demo/html/academics/img/faq.jpg]
[www.radiustheme.com/demo/html/academics/img/404.jpg]
[www.radiustheme.com/demo/html/academics/acadenics/index.html]
[www.radiustheme.com/demo/html/academics/js/jquery-2.2.4.min.js]
[www.radiustheme.com/demo/html/academics/js/plugins.js]
[www.radiustheme.com/demo/html/academics/js/bootstrap.min.js]
[www.radiustheme.com/demo/html/academics/js/wow.min.js]
[www.radiustheme.com/demo/html/academics/js/jquery.meanmenu.min.js]
[www.radiustheme.com/demo/html/academics/js/jquery.scrollUp.min.js]
[www.radiustheme.com/demo/html/academics/js/isotope.pkgd.min.js]
[www.radiustheme.com/demo/html/academics/js/main.js]
[www.radiustheme.com/demo/html/academics/index.html]
[www.radiustheme.com/demo/html/academics/css/normalize.css]
[www.radiustheme.com/demo/html/academics/css/main.css]
[www.radiustheme.com/demo/html/academics/fonts/glyphicons-halflings-regular.eot]
[www.radiustheme.com/demo/html/academics/fonts/glyphicons-halflings-regulard41d.eot]
[www.radiustheme.com/demo/html/academics/fonts/glyphicons-halflings-regular.html]
[www.radiustheme.com/demo/html/academics/fonts/glyphicons-halflings-regular.woff]
[www.radiustheme.com/demo/html/academics/fonts/glyphicons-halflings-regular.ttf]
[www.radiustheme.com/demo/html/academics/css/bootstrap.min.css]
[www.radiustheme.com/demo/html/academics/css/animate.min.css]
[www.radiustheme.com/demo/html/academics/fonts/fontawesome-webfontd41d.eot]
[www.radiustheme.com/demo/html/academics/fonts/fontawesome-webfont3295.html]
[www.radiustheme.com/demo/html/academics/fonts/fontawesome-webfont3295.woff]
[www.radiustheme.com/demo/html/academics/css/font-awesome.min.css]
[www.radiustheme.com/demo/html/academics/css/meanmenu.min.css]
[www.radiustheme.com/demo/html/academics/css/hover-min.css]
[www.radiustheme.com/demo/html/academics/fonts/fontawesome-webfont3295.ttf]
[www.radiustheme.com/demo/html/academics/img/preloader.gif]
[www.radiustheme.com/demo/html/academics/fonts/fontawesome-webfont3295.svg]
[www.radiustheme.com/demo/html/academics/img/banner/1.jpg]
[www.radiustheme.com/demo/html/academics/style.css]
[www.radiustheme.com/demo/html/academics/index-2.html]
[www.radiustheme.com/demo/html/academics/academics/img/favicon.png]
[www.radiustheme.com/demo/html/academics/academics/css/normalize.css]
[www.radiustheme.com/demo/html/academics/academics/css/main.css]
[www.radiustheme.com/demo/html/academics/academics/css/bootstrap.min.css]
[www.radiustheme.com/demo/html/academics/academics/css/animate.min.css]
[www.radiustheme.com/demo/html/academics/academics/css/font-awesome.min.css]
[www.radiustheme.com/demo/html/academics/academics/vendor/OwlCarousel/owl.carousel.min.css]
[www.radiustheme.com/demo/html/academics/academics/vendor/OwlCarousel/owl.theme.default.min.css]
[www.radiustheme.com/demo/html/academics/academics/css/meanmenu.min.css]
[www.radiustheme.com/demo/html/academics/academics/vendor/slider/css/nivo-slider.css]
[www.radiustheme.com/demo/html/academics/academics/vendor/slider/css/preview.css]
[www.radiustheme.com/demo/html/academics/academics/css/jquery.datetimepicker.css]
[www.radiustheme.com/demo/html/academics/academics/css/magnific-popup.css]
[www.radiustheme.com/demo/html/academics/academics/css/hover-min.css]
[www.radiustheme.com/demo/html/academics/academics/css/reImageGrid.css]
[www.radiustheme.com/demo/html/academics/academics/style.css]
[www.radiustheme.com/demo/html/academics/academics/js/modernizr-2.8.3.min.js]
[www.radiustheme.com/demo/html/academics/academics/img/logo.png]
[www.radiustheme.com/demo/html/academics/academics/account.html]
[www.radiustheme.com/demo/html/academics/academics/registration.html]
[www.radiustheme.com/demo/html/academics/academics/img/slider/1-1.jpg]
[www.radiustheme.com/demo/html/academics/academics/img/slider/1-2.jpg]
[www.radiustheme.com/demo/html/academics/academics/img/slider/1-3.jpg]
[www.radiustheme.com/demo/html/academics/academics/img/about/1.jpg]
[www.radiustheme.com/demo/html/academics/academics/img/course/1.jpg]
[www.radiustheme.com/demo/html/academics/academics/img/course/2.jpg]
[www.radiustheme.com/demo/html/academics/academics/img/course/3.jpg]
[www.radiustheme.com/demo/html/academics/academics/img/course/4.jpg]
[www.radiustheme.com/demo/html/academics/academics/img/course/5.jpg]
[www.radiustheme.com/demo/html/academics/academics/img/course/6.jpg]
[www.radiustheme.com/demo/html/academics/academics/img/course/7.jpg]
[www.radiustheme.com/demo/html/academics/academics/img/banner/1.jpg]
[www.radiustheme.com/demo/html/academics/academics/img/team/1.jpg]
[www.radiustheme.com/demo/html/academics/academics/img/team/2.jpg]
[www.radiustheme.com/demo/html/academics/academics/img/team/3.jpg]
[www.radiustheme.com/demo/html/academics/academics/img/team/4.jpg]
[www.radiustheme.com/demo/html/academics/academics/img/news/1.jpg]
[www.radiustheme.com/demo/html/academics/academics/img/news/2.jpg]
[www.radiustheme.com/demo/html/academics/academics/img/news/3.jpg]
[www.radiustheme.com/demo/html/academics/academics/img/banner/4.jpg]
[www.radiustheme.com/demo/html/academics/academics/img/students/1.jpg]
[www.radiustheme.com/demo/html/academics/academics/img/students/2.jpg]
[www.radiustheme.com/demo/html/academics/academics/img/students/student1.jpg]
[www.radiustheme.com/demo/html/academics/academics/img/students/student2.jpg]
[www.radiustheme.com/demo/html/academics/academics/img/students/student3.jpg]
[www.radiustheme.com/demo/html/academics/academics/img/students/student4.jpg]
[www.radiustheme.com/demo/html/academics/academics/img/students/student5.jpg]
[www.radiustheme.com/demo/html/academics/academics/img/students/student6.jpg]
[www.radiustheme.com/demo/html/academics/academics/img/students/student7.jpg]
[www.radiustheme.com/demo/html/academics/academics/img/students/student8.jpg]
[www.radiustheme.com/demo/html/academics/academics/img/brand/1.jpg]
[www.radiustheme.com/demo/html/academics/academics/img/brand/2.jpg]
[www.radiustheme.com/demo/html/academics/academics/img/brand/3.jpg]
[www.radiustheme.com/demo/html/academics/academics/img/brand/4.jpg]
[www.radiustheme.com/demo/html/academics/academics/img/logo-footer.png]
[www.radiustheme.com/demo/html/academics/academics/Phone(01)800433633]
[www.radiustheme.com/demo/html/academics/academics/img/footer/1.jpg]
[www.radiustheme.com/demo/html/academics/academics/img/footer/2.jpg]
[www.radiustheme.com/demo/html/academics/academics/img/footer/3.jpg]
[www.radiustheme.com/demo/html/academics/academics/img/footer/4.jpg]
[www.radiustheme.com/demo/html/academics/academics/img/footer/5.jpg]
[www.radiustheme.com/demo/html/academics/academics/img/footer/6.jpg]
[www.radiustheme.com/demo/html/academics/academics/img/payment-method1.jpg]
[www.radiustheme.com/demo/html/academics/academics/img/payment-method2.jpg]
[www.radiustheme.com/demo/html/academics/academics/img/payment-method3.jpg]
[www.radiustheme.com/demo/html/academics/academics/img/payment-method4.jpg]
[www.radiustheme.com/demo/html/academics/academics/js/jquery-2.2.4.min.js]
[www.radiustheme.com/demo/html/academics/academics/js/plugins.js]
[www.radiustheme.com/demo/html/academics/academics/js/bootstrap.min.js]
[www.radiustheme.com/demo/html/academics/academics/js/wow.min.js]
[www.radiustheme.com/demo/html/academics/academics/vendor/slider/js/jquery.nivo.slider.js]
[www.radiustheme.com/demo/html/academics/academics/vendor/slider/home.js]
[www.radiustheme.com/demo/html/academics/academics/vendor/OwlCarousel/owl.carousel.min.js]
[www.radiustheme.com/demo/html/academics/academics/js/jquery.meanmenu.min.js]
[www.radiustheme.com/demo/html/academics/academics/js/jquery.scrollUp.min.js]
[www.radiustheme.com/demo/html/academics/academics/js/jquery.counterup.min.js]
[www.radiustheme.com/demo/html/academics/academics/js/waypoints.min.js]
[www.radiustheme.com/demo/html/academics/academics/js/jquery.countdown.min.js]
[www.radiustheme.com/demo/html/academics/academics/js/isotope.pkgd.min.js]
[www.radiustheme.com/demo/html/academics/academics/js/jquery.magnific-popup.min.js]
[www.radiustheme.com/demo/html/academics/academics/js/jquery.gridrotator.js]
[www.radiustheme.com/demo/html/academics/academics/js/main.js]
[www.radiustheme.com/demo/html/academics/academics/index.html]
[www.radiustheme.com/demo/html/academics/academics/img/logo-primary.png]
[www.radiustheme.com/demo/html/academics/academics/img/slider/2-1.jpg]
[www.radiustheme.com/demo/html/academics/academics/img/slider/2-2.jpg]
[www.radiustheme.com/demo/html/academics/academics/img/featured/back.jpg]
[www.radiustheme.com/demo/html/academics/academics/img/featured/1.jpg]
[www.radiustheme.com/demo/html/academics/academics/img/featured/2.jpg]
[www.radiustheme.com/demo/html/academics/academics/img/featured/3.jpg]
[www.radiustheme.com/demo/html/academics/academics/img/featured/4.jpg]
[www.radiustheme.com/demo/html/academics/academics/img/featured/5.jpg]
[www.radiustheme.com/demo/html/academics/academics/img/product/1.jpg]
[www.radiustheme.com/demo/html/academics/academics/img/product/2.jpg]
[www.radiustheme.com/demo/html/academics/academics/img/product/3.jpg]
[www.radiustheme.com/demo/html/academics/academics/img/product/4.jpg]
[www.radiustheme.com/demo/html/academics/academics/index2.html]
[www.radiustheme.com/demo/html/academics/academics/img/logo-textprimary.png]
[www.radiustheme.com/demo/html/academics/academics/img/slider/3-1.jpg]
[www.radiustheme.com/demo/html/academics/academics/img/slider/3-2.jpg]
[www.radiustheme.com/demo/html/academics/academics/img/slider/3-3.jpg]
[www.radiustheme.com/demo/html/academics/academics/img/featured/back2.jpg]
[www.radiustheme.com/demo/html/academics/academics/img/course/8.jpg]
[www.radiustheme.com/demo/html/academics/academics/img/course/9.jpg]
[www.radiustheme.com/demo/html/academics/academics/img/course/10.jpg]
[www.radiustheme.com/demo/html/academics/academics/img/course/11.jpg]
[www.radiustheme.com/demo/html/academics/academics/img/course/12.jpg]
[www.radiustheme.com/demo/html/academics/academics/img/course/13.jpg]
[www.radiustheme.com/demo/html/academics/academics/img/course/14.jpg]
[www.radiustheme.com/demo/html/academics/academics/img/banner/2.jpg]
[www.radiustheme.com/demo/html/academics/academics/img/banner/3.jpg]
[www.radiustheme.com/demo/html/academics/academics/index3.html]
[www.radiustheme.com/demo/html/academics/academics/img/slider/4-1.jpg]
[www.radiustheme.com/demo/html/academics/academics/img/slider/4-2.jpg]
[www.radiustheme.com/demo/html/academics/academics/img/slider/4-3.jpg]
[www.radiustheme.com/demo/html/academics/academics/index4.html]
[www.radiustheme.com/demo/html/academics/academics/img/banner/5.jpg]
[www.radiustheme.com/demo/html/academics/academics/img/about/2.jpg]
[www.radiustheme.com/demo/html/academics/academics/img/certificate/1.jpg]
[www.radiustheme.com/demo/html/academics/academics/img/certificate/2.jpg]
[www.radiustheme.com/demo/html/academics/academics/img/certificate/3.jpg]
[www.radiustheme.com/demo/html/academics/academics/img/certificate/4.jpg]
[www.radiustheme.com/demo/html/academics/academics/about1.html]
[www.radiustheme.com/demo/html/academics/academics/img/banner/6.jpg]
[www.radiustheme.com/demo/html/academics/academics/about2.html]
[www.radiustheme.com/demo/html/academics/academics/about3.html]
[www.radiustheme.com/demo/html/academics/academics/about4.html]
[www.radiustheme.com/demo/html/academics/academics/css/select2.min.css]
[www.radiustheme.com/demo/html/academics/academics/vendor/noUiSlider/nouislider.min.css]
[www.radiustheme.com/demo/html/academics/academics/img/event/1.jpg]
[www.radiustheme.com/demo/html/academics/academics/img/event/2.jpg]
[www.radiustheme.com/demo/html/academics/academics/img/event/3.jpg]
[www.radiustheme.com/demo/html/academics/academics/img/event/4.jpg]
[www.radiustheme.com/demo/html/academics/academics/js/select2.min.js]
[www.radiustheme.com/demo/html/academics/academics/vendor/noUiSlider/nouislider.min.js]
[www.radiustheme.com/demo/html/academics/academics/js/validator.min.js]
[www.radiustheme.com/demo/html/academics/academics/event.html]
[www.radiustheme.com/demo/html/academics/academics/img/event/5.jpg]
[www.radiustheme.com/demo/html/academics/academics/single-event.html]
[www.radiustheme.com/demo/html/academics/academics/img/gallery/1.jpg]
[www.radiustheme.com/demo/html/academics/academics/img/gallery/2.jpg]
[www.radiustheme.com/demo/html/academics/academics/img/gallery/3.jpg]
[www.radiustheme.com/demo/html/academics/academics/img/gallery/4.jpg]
[www.radiustheme.com/demo/html/academics/academics/img/gallery/5.jpg]
[www.radiustheme.com/demo/html/academics/academics/gallery1.html]
[www.radiustheme.com/demo/html/academics/academics/img/gallery/6.jpg]
[www.radiustheme.com/demo/html/academics/academics/img/gallery/7.jpg]
[www.radiustheme.com/demo/html/academics/academics/img/gallery/8.jpg]
[www.radiustheme.com/demo/html/academics/academics/img/gallery/9.jpg]
[www.radiustheme.com/demo/html/academics/academics/img/gallery/10.jpg]
[www.radiustheme.com/demo/html/academics/academics/img/gallery/11.jpg]
[www.radiustheme.com/demo/html/academics/academics/img/gallery/12.jpg]
[www.radiustheme.com/demo/html/academics/academics/img/gallery/13.jpg]
[www.radiustheme.com/demo/html/academics/academics/img/gallery/14.jpg]
[www.radiustheme.com/demo/html/academics/academics/img/gallery/15.jpg]
[www.radiustheme.com/demo/html/academics/academics/img/gallery/16.jpg]
[www.radiustheme.com/demo/html/academics/academics/img/gallery/17.jpg]
[www.radiustheme.com/demo/html/academics/academics/gallery2.html]
[www.radiustheme.com/demo/html/academics/academics/img/product/5.jpg]
[www.radiustheme.com/demo/html/academics/academics/img/product/6.jpg]
[www.radiustheme.com/demo/html/academics/academics/img/product/7.jpg]
[www.radiustheme.com/demo/html/academics/academics/img/product/8.jpg]
[www.radiustheme.com/demo/html/academics/academics/img/product/9.jpg]
[www.radiustheme.com/demo/html/academics/academics/img/sidebar/11.jpg]
[www.radiustheme.com/demo/html/academics/academics/img/sidebar/12.jpg]
[www.radiustheme.com/demo/html/academics/academics/img/sidebar/13.jpg]
[www.radiustheme.com/demo/html/academics/academics/js/wNumb.js]
[www.radiustheme.com/demo/html/academics/academics/shop1.html]
[www.radiustheme.com/demo/html/academics/academics/shop2.html]
[www.radiustheme.com/demo/html/academics/academics/img/product/10.jpg]
[www.radiustheme.com/demo/html/academics/academics/single-shop.html]
[www.radiustheme.com/demo/html/academics/academics/pricing1.html]
[www.radiustheme.com/demo/html/academics/academics/pricing2.html]
[www.radiustheme.com/demo/html/academics/academics/img/news/4.jpg]
[www.radiustheme.com/demo/html/academics/academics/img/news/5.jpg]
[www.radiustheme.com/demo/html/academics/academics/img/news/6.jpg]
[www.radiustheme.com/demo/html/academics/academics/img/sidebar/8.jpg]
[www.radiustheme.com/demo/html/academics/academics/img/sidebar/4.jpg]
[www.radiustheme.com/demo/html/academics/academics/img/sidebar/9.jpg]
[www.radiustheme.com/demo/html/academics/academics/img/sidebar/10.jpg]
[www.radiustheme.com/demo/html/academics/academics/news1.html]
[www.radiustheme.com/demo/html/academics/academics/img/news/7.jpg]
[www.radiustheme.com/demo/html/academics/academics/img/news/8.jpg]
[www.radiustheme.com/demo/html/academics/academics/img/news/9.jpg]
[www.radiustheme.com/demo/html/academics/academics/img/news/10.jpg]
[www.radiustheme.com/demo/html/academics/academics/img/news/11.jpg]
[www.radiustheme.com/demo/html/academics/academics/img/news/12.jpg]
[www.radiustheme.com/demo/html/academics/academics/news2.html]
[www.radiustheme.com/demo/html/academics/academics/img/news/13.jpg]
[www.radiustheme.com/demo/html/academics/academics/img/course/16.jpg]
[www.radiustheme.com/demo/html/academics/academics/img/course/17.jpg]
[www.radiustheme.com/demo/html/academics/academics/img/course/18.jpg]
[www.radiustheme.com/demo/html/academics/academics/single-news.html]
[www.radiustheme.com/demo/html/academics/academics/faq.html]
[www.radiustheme.com/demo/html/academics/academics/img/404.png]
[www.radiustheme.com/demo/html/academics/academics/404.html]
[www.radiustheme.com/demo/html/academics/academics/img/team/5.jpg]
[www.radiustheme.com/demo/html/academics/academics/img/team/6.jpg]
[www.radiustheme.com/demo/html/academics/academics/img/team/7.jpg]
[www.radiustheme.com/demo/html/academics/academics/img/team/8.jpg]
[www.radiustheme.com/demo/html/academics/academics/img/team/9.jpg]
[www.radiustheme.com/demo/html/academics/academics/img/team/10.jpg]
[www.radiustheme.com/demo/html/academics/academics/img/team/11.jpg]
[www.radiustheme.com/demo/html/academics/academics/img/team/12.jpg]
[www.radiustheme.com/demo/html/academics/academics/lecturers1.html]
[www.radiustheme.com/demo/html/academics/academics/img/team/13.jpg]
[www.radiustheme.com/demo/html/academics/academics/single-lecturers.html]
[www.radiustheme.com/demo/html/academics/academics/img/banner/7.jpg]
[www.radiustheme.com/demo/html/academics/academics/courses1.html]
[www.radiustheme.com/demo/html/academics/academics/courses2.html]
[www.radiustheme.com/demo/html/academics/academics/courses3.html]
[www.radiustheme.com/demo/html/academics/academics/img/course/15.jpg]
[www.radiustheme.com/demo/html/academics/academics/img/sidebar/1.jpg]
[www.radiustheme.com/demo/html/academics/academics/img/sidebar/2.jpg]
[www.radiustheme.com/demo/html/academics/academics/img/sidebar/3.jpg]
[www.radiustheme.com/demo/html/academics/academics/img/sidebar/5.jpg]
[www.radiustheme.com/demo/html/academics/academics/img/sidebar/6.jpg]
[www.radiustheme.com/demo/html/academics/academics/img/sidebar/7.jpg]
[www.radiustheme.com/demo/html/academics/academics/single-courses1.html]
[www.radiustheme.com/demo/html/academics/academics/img/course/19.jpg]
[www.radiustheme.com/demo/html/academics/academics/single-courses2.html]
[www.radiustheme.com/demo/html/academics/academics/img/course/20.jpg]
[www.radiustheme.com/demo/html/academics/academics/single-courses3.html]
[www.radiustheme.com/demo/html/academics/academics/img/research/1.jpg]
[www.radiustheme.com/demo/html/academics/academics/img/research/2.jpg]
[www.radiustheme.com/demo/html/academics/academics/img/research/3.jpg]
[www.radiustheme.com/demo/html/academics/academics/img/research/4.jpg]
[www.radiustheme.com/demo/html/academics/academics/img/research/5.jpg]
[www.radiustheme.com/demo/html/academics/academics/img/research/6.jpg]
[www.radiustheme.com/demo/html/academics/academics/research1.html]
[www.radiustheme.com/demo/html/academics/academics/img/research/7.jpg]
[www.radiustheme.com/demo/html/academics/academics/img/research/8.jpg]
[www.radiustheme.com/demo/html/academics/academics/img/research/11.jpg]
[www.radiustheme.com/demo/html/academics/academics/img/research/12.jpg]
[www.radiustheme.com/demo/html/academics/academics/img/research/13.jpg]
[www.radiustheme.com/demo/html/academics/academics/img/research/14.jpg]
[www.radiustheme.com/demo/html/academics/academics/img/research/15.jpg]
[www.radiustheme.com/demo/html/academics/academics/research2.html]
[www.radiustheme.com/demo/html/academics/academics/img/research/16.jpg]
[www.radiustheme.com/demo/html/academics/academics/img/research/17.jpg]
[www.radiustheme.com/demo/html/academics/academics/research3.html]
[www.radiustheme.com/demo/html/academics/academics/single-research.html]
[www.radiustheme.com/demo/html/academics/academics/contact1.html]
[www.radiustheme.com/demo/html/academics/academics/contact2.html]
[www.radiustheme.com/demo/html/academics/academics/img/team/14.jpg]
[www.radiustheme.com/demo/html/academics/academics/img/team/15.jpg]
[www.radiustheme.com/demo/html/academics/academics/img/team/16.jpg]
[www.radiustheme.com/demo/html/academics/academics/img/team/17.jpg]
[www.radiustheme.com/demo/html/academics/academics/img/team/18.jpg]
[www.radiustheme.com/demo/html/academics/academics/img/team/19.jpg]
[www.radiustheme.com/demo/html/academics/academics/lecturers2.html]
[www.radiustheme.com/demo/html/academics/acadenics/index.html]
[www.radiustheme.com/demo/html/academics/fonts/glyphicons-halflings-regular.html]
[www.radiustheme.com/demo/html/academics/fonts/fontawesome-webfont3295.html]
[www.radiustheme.com/demo/html/academics/fonts/fontawesome-webfont3295.svg]
[www.radiustheme.com/demo/html/academics/academics/css/normalize.css]
[www.radiustheme.com/demo/html/academics/academics/css/main.css]
[www.radiustheme.com/demo/html/academics/fonts/glyphicons-halflings-regular.svg]
[www.radiustheme.com/demo/html/academics/fonts/fontawesome-webfont3295.eot]
[www.radiustheme.com/demo/html/academics/academics/fonts/glyphicons-halflings-regulard41d.eot]
[www.radiustheme.com/demo/html/academics/academics/fonts/glyphicons-halflings-regular.html]
[www.radiustheme.com/demo/html/academics/academics/fonts/glyphicons-halflings-regular.woff]
[www.radiustheme.com/demo/html/academics/academics/fonts/glyphicons-halflings-regular.ttf]
[www.radiustheme.com/demo/html/academics/academics/css/bootstrap.min.css]
[www.radiustheme.com/demo/html/academics/academics/css/animate.min.css]
[www.radiustheme.com/demo/html/academics/academics/fonts/glyphicons-halflings-regular.svg]
[www.radiustheme.com/demo/html/academics/academics/fonts/fontawesome-webfont3295.eot]
[www.radiustheme.com/demo/html/academics/academics/fonts/fontawesome-webfontd41d.eot]
[www.radiustheme.com/demo/html/academics/academics/fonts/fontawesome-webfont3295.html]
[www.radiustheme.com/demo/html/academics/academics/fonts/fontawesome-webfont3295.woff]
[www.radiustheme.com/demo/html/academics/academics/css/font-awesome.min.css]
[www.radiustheme.com/demo/html/academics/academics/fonts/fontawesome-webfont3295.ttf]
[www.radiustheme.com/demo/html/academics/academics/vendor/OwlCarousel/owl.video.play.png]
[www.radiustheme.com/demo/html/academics/academics/vendor/OwlCarousel/owl.carousel.min.css]
[www.radiustheme.com/demo/html/academics/academics/vendor/OwlCarousel/owl.theme.default.min.css]
[www.radiustheme.com/demo/html/academics/academics/css/meanmenu.min.css]
[www.radiustheme.com/demo/html/academics/academics/vendor/slider/css/nivo-slider.css]
[www.radiustheme.com/demo/html/academics/academics/vendor/slider/css/preview.css]
[www.radiustheme.com/demo/html/academics/academics/css/jquery.datetimepicker.css]
[www.radiustheme.com/demo/html/academics/academics/css/magnific-popup.css]
[www.radiustheme.com/demo/html/academics/academics/css/hover-min.css]
[www.radiustheme.com/demo/html/academics/academics/css/reImageGrid.css]
[www.radiustheme.com/demo/html/academics/academics/style.css]
[www.radiustheme.com/demo/html/academics/academics/img/course/24.jpg]
[www.radiustheme.com/demo/html/academics/academics/account.html]
[www.radiustheme.com/demo/html/academics/academics/registration.html]
[www.radiustheme.com/demo/html/academics/academics/Phone(01)800433633.html]
[www.radiustheme.com/demo/html/academics/academics/css/select2.min.css]
[www.radiustheme.com/demo/html/academics/academics/vendor/noUiSlider/nouislider.min.css]
[www.radiustheme.com/demo/html/academics/academics/fonts/fontawesome-webfont3295.svg]
[www.radiustheme.com/demo/html/academics/fonts/glyphicons-halflings-regular.svg]
[www.radiustheme.com/demo/html/academics/academics/img/research/18.jpg]
[www.radiustheme.com/demo/html/academics/academics/fonts/glyphicons-halflings-regular.eot]
[www.radiustheme.com/demo/html/academics/academics/fonts/glyphicons-halflings-regular.html]
[www.radiustheme.com/demo/html/academics/academics/fonts/glyphicons-halflings-regular.svg]
[www.radiustheme.com/demo/html/academics/academics/fonts/fontawesome-webfont3295.html]
[www.radiustheme.com/demo/html/academics/academics/fonts/fontawesome-webfont3295.svg]
[www.radiustheme.com/demo/html/academics/academics/img/research/9.jpg]
[www.radiustheme.com/demo/html/academics/academics/img/research/10.jpg]
